Microchip Technology Inc, v2.10 (B)

Tool Name:
  c:\program files\microchip\xc16\v2.10\bin\bin\..\bin/elf-ld.exe

Command:
  -p24FJ128GA010 \
  --mdfp=C:/Program Files (x86)/Microchip/MPLABX/v6.20/packs/Microchip/PIC24F-GA-GB_DFP/1.9.336/xc16 \
  -o \
  dist/default/production/166294-4.X.production.elf \
  -Lc:/program files/microchip/xc16/v2.10/bin/bin/.. \
  -LC:/Program Files (x86)/Microchip/MPLABX/v6.20/packs/Microchip/PIC24F-GA-GB_DFP/1.9.336/xc16/bin/../support/PIC24F/gld \
  -Lc:/program files/microchip/xc16/v2.10/bin/bin/../../lib \
  -Lc:/program files/microchip/xc16/v2.10/bin/bin/../../support/PIC24E/gld \
  -Lc:/program files/microchip/xc16/v2.10/bin/bin/../../support/PIC24F/gld \
  -Lc:/program files/microchip/xc16/v2.10/bin/bin/../../support/PIC24H/gld \
  -Lc:/program files/microchip/xc16/v2.10/bin/bin/../../support/dsPIC30F/gld \
  -Lc:/program files/microchip/xc16/v2.10/bin/bin/../../support/dsPIC33C/gld \
  -Lc:/program files/microchip/xc16/v2.10/bin/bin/../../support/dsPIC33E/gld \
  -Lc:/program files/microchip/xc16/v2.10/bin/bin/../../support/dsPIC33F/gld \
  build/default/production/mainn.o \
  --defsym=__MPLAB_BUILD=1 \
  -Tp24FJ128GA010.gld.00 \
  --stack=16 \
  --check-sections \
  --data-init \
  --pack-data \
  --handles \
  --isr \
  --no-gc-sections \
  --fill-upper=0 \
  --stackguard=16 \
  --no-force-link \
  --smart-io \
  -Map=dist/default/production/166294-4.X.production.map \
  --report-mem \
  --memorysummary \
  dist/default/production/memoryfile.xml \
  -start-group \
  --library=c99-pic30-elf \
  --library=m-elf \
  --library=c99-elf \
  -end-group \


Optional library libpPIC24Fxxx.a not found
Archive member included because of file (symbol)

c:/program files/microchip/xc16/v2.10/bin/bin/../../lib\libc99-pic30-elf.a(crt0_standard.o)
                              (__resetPRI)
c:/program files/microchip/xc16/v2.10/bin/bin/../../lib\libc99-pic30-elf.a(data_init_standard.o)
                              c:/program files/microchip/xc16/v2.10/bin/bin/../../lib\libc99-pic30-elf.a(crt0_standard.o) (__data_init_standard)
c:/program files/microchip/xc16/v2.10/bin/bin/../../lib\libc99-pic30-elf.a(crt_start_mode_normal.Meo)
                              (__crt_start_mode_normal)
c:/program files/microchip/xc16/v2.10/bin/bin/../../lib\libc99-pic30-elf.a(delay32.Meo)
                              build/default/production/mainn.o (___delay32)
c:/program files/microchip/xc16/v2.10/bin/bin/../../lib\libc99-pic30-elf.a(fixsfsi.XX_o)
                              build/default/production/mainn.o (_(float, int, long long, short, float, short, int))
c:/program files/microchip/xc16/v2.10/bin/bin/../../lib\libc99-pic30-elf.a(floatsisf.XX_o)
                              build/default/production/mainn.o (___floatsisf)
c:/program files/microchip/xc16/v2.10/bin/bin/../../lib\libc99-pic30-elf.a(funpack.XX_o)
                              c:/program files/microchip/xc16/v2.10/bin/bin/../../lib\libc99-pic30-elf.a(fixsfsi.XX_o) (__funpack)
c:/program files/microchip/xc16/v2.10/bin/bin/../../lib\libc99-pic30-elf.a(divsf3x.XX_o)
                              build/default/production/mainn.o (___divsf3)
c:/program files/microchip/xc16/v2.10/bin/bin/../../lib\libc99-pic30-elf.a(mulsf3x.XX_o)
                              build/default/production/mainn.o (___mulsf3)
c:/program files/microchip/xc16/v2.10/bin/bin/../../lib\libc99-pic30-elf.a(dnrmpackfx.XX_o)
                              c:/program files/microchip/xc16/v2.10/bin/bin/../../lib\libc99-pic30-elf.a(mulsf3x.XX_o) (__dnrmpackf)
c:/program files/microchip/xc16/v2.10/bin/bin/../../lib\libc99-pic30-elf.a(unpackdnrmfx.XX_o)
                              c:/program files/microchip/xc16/v2.10/bin/bin/../../lib\libc99-pic30-elf.a(mulsf3x.XX_o) (__unpackdnrmf)
c:/program files/microchip/xc16/v2.10/bin/bin/../../lib\libc99-pic30-elf.a(typefx.XX_o)
                              c:/program files/microchip/xc16/v2.10/bin/bin/../../lib\libc99-pic30-elf.a(divsf3x.XX_o) (__typef)
c:/program files/microchip/xc16/v2.10/bin/bin/../../lib\libc99-pic30-elf.a(propnanfx.XX_o)
                              c:/program files/microchip/xc16/v2.10/bin/bin/../../lib\libc99-pic30-elf.a(mulsf3x.XX_o) (__propnanf)
c:/program files/microchip/xc16/v2.10/bin/bin/../../lib\libc99-pic30-elf.a(spackfx.XX_o)
                              c:/program files/microchip/xc16/v2.10/bin/bin/../../lib\libc99-pic30-elf.a(divsf3x.XX_o) (__spackf)
c:/program files/microchip/xc16/v2.10/bin/bin/../../lib\libc99-pic30-elf.a(unpackfx.XX_o)
                              c:/program files/microchip/xc16/v2.10/bin/bin/../../lib\libc99-pic30-elf.a(divsf3x.XX_o) (__unpackf)
c:/program files/microchip/xc16/v2.10/bin/bin/../../lib\libc99-pic30-elf.a(errno.XX_o)
                              c:/program files/microchip/xc16/v2.10/bin/bin/../../lib\libc99-pic30-elf.a(divsf3x.XX_o) (_errno)
[...]
Memory Configuration

Name             Origin             Length             Attributes
data             0x000800           0x002000           a !xr
reset            0x000000           0x000004  
ivt              0x000004           0x0000fc  
_reserved        0x000100           0x000004  
aivt             0x000104           0x0000fc  
program          0x000200           0x0155fc           xr
CONFIG2          0x0157fc           0x000002  
CONFIG1          0x0157fe           0x000002  
*default*        0x000000           0xffffffff  

Linker script and memory map

LOAD build/default/production/mainn.o
                    0x0001                  __MPLAB_BUILD = 0x1
LOAD pPIC24Fxxx
LOAD c:/program files/microchip/xc16/v2.10/bin/bin/../../lib\libfx-elf.a
                    0x157fc                  __CONFIG2 = 0x157fc
                    0x157fe                  __CONFIG1 = 0x157fe
                    0x0200                  __CODE_BASE = 0x200
                    0x155fc                  __CODE_LENGTH = 0x155fc
                    0x0004                  __IVT_BASE = 0x4
                    0x0104                  __AIVT_BASE = 0x104
                    0x0800                  __DATA_BASE = 0x800
                    0x2000                  __DATA_LENGTH = 0x2000

.reset            0x000000          0x4
                  0x000000          0x2 SHORT 0x200 ABSOLUTE (__reset)
                  0x000001          0x2 SHORT 0x4
                  0x000002          0x2 SHORT 0x0 ((ABSOLUTE (__reset) >> 0x10) & 0x7f)
                  0x000003          0x2 SHORT 0x0

.text             0x000200       0x2774
 *(.init)
 .init            0x000200         0x4c c:/program files/microchip/xc16/v2.10/bin/bin/../../lib\libc99-pic30-elf.a(crt0_standard.o)
                  0x000200                  __resetPRI
                  0x000200                  __reset
                  0x00023c                  __psv_init
 .init            0x00024c         0x7c c:/program files/microchip/xc16/v2.10/bin/bin/../../lib\libc99-pic30-elf.a(data_init_standard.o)
                  0x000252                  __data_init_standard
                  0x000252                  __data_init
 *(.user_init)
 *(.handle)
 .handle          0x0002c8          0xc jump_table
 *(.isr*)
 .isr             0x0002d4          0x4 default_isr
                  0x0002d4                  __DefaultInterrupt
 *(.libc)
 .libc            0x0002d8         0x12 c:/program files/microchip/xc16/v2.10/bin/bin/../../lib\libc99-pic30-elf.a(close.Meo)
                  0x0002d8                  _close
 .libc            0x0002ea         0x84 c:/program files/microchip/xc16/v2.10/bin/bin/../../lib\libc99-pic30-elf.a(write.Meo)
                  0x0002ea                  _write
 *(.libm)
 *(.libdsp)
 *(.lib*)
 .libpic30_crt_start_mode
                  0x00036e          0x2 c:/program files/microchip/xc16/v2.10/bin/bin/../../lib\libc99-pic30-elf.a(crt_start_mode_normal.Meo)
                  0x00036e                  __crt_start_mode
                  0x00036e                  __crt_start_mode_normal
 .libm.fixsfsi    0x000370         0x42 c:/program files/microchip/xc16/v2.10/bin/bin/../../lib\libc99-pic30-elf.a(fixsfsi.XX_o)
                  0x000370                  _(float, int, long long, short, float, short, int)
 .libm.floatsisf
                  0x0003b2          0x6 c:/program files/microchip/xc16/v2.10/bin/bin/../../lib\libc99-pic30-elf.a(floatsisf.XX_o)
                  0x0003b2                  ___floatsisf
 .libm.funpack    0x0003b8         0x2a c:/program files/microchip/xc16/v2.10/bin/bin/../../lib\libc99-pic30-elf.a(funpack.XX_o)
                  0x0003b8                  __funpack
 .libmx           0x0003e2        0x1be c:/program files/microchip/xc16/v2.10/bin/bin/../../lib\libc99-pic30-elf.a(divsf3x.XX_o)
                  0x0003e2                  ___divsf3x
                  0x0003e2                  ___divsf3
                  0x000574                  __sdivf
 .libmx           0x0005a0        0x10c c:/program files/microchip/xc16/v2.10/bin/bin/../../lib\libc99-pic30-elf.a(mulsf3x.XX_o)
                  0x0005a0                  ___mulsf3x
                  0x0005a0                  ___mulsf3
 .libmx           0x0006ac         0x54 c:/program files/microchip/xc16/v2.10/bin/bin/../../lib\libc99-pic30-elf.a(dnrmpackfx.XX_o)
                  0x0006ac                  __dnrmpackf
 .libmx           0x000700         0x5e c:/program files/microchip/xc16/v2.10/bin/bin/../../lib\libc99-pic30-elf.a(unpackdnrmfx.XX_o)
                  0x000700                  __unpackdnrmf
 .libmx           0x00075e         0x34 c:/program files/microchip/xc16/v2.10/bin/bin/../../lib\libc99-pic30-elf.a(typefx.XX_o)
                  0x00075e                  __typef
 .libmx           0x000792         0x12 c:/program files/microchip/xc16/v2.10/bin/bin/../../lib\libc99-pic30-elf.a(propnanfx.XX_o)
                  0x000792                  __propnanf
 .libmx           0x0007a4         0xa6 c:/program files/microchip/xc16/v2.10/bin/bin/../../lib\libc99-pic30-elf.a(spackfx.XX_o)
                  0x0007a4                  __spackf
 .libmx           0x00084a         0x66 c:/program files/microchip/xc16/v2.10/bin/bin/../../lib\libc99-pic30-elf.a(unpackfx.XX_o)
                  0x00084a                  __unpackf
 .libm.floatdisf
                  0x0008b0         0x20 c:/program files/microchip/xc16/v2.10/bin/bin/../../lib\libc99-pic30-elf.a(floatdisf.XX_o)
                  0x0008b0                  ___floatdisf
 .libm.floatundisf
                  0x0008d0         0x5e c:/program files/microchip/xc16/v2.10/bin/bin/../../lib\libc99-pic30-elf.a(floatundisf.XX_o)
                  0x0008d0                  ___floatundisf
 .libm.fpack      0x00092e         0x4c c:/program files/microchip/xc16/v2.10/bin/bin/../../lib\libc99-pic30-elf.a(fpack.XX_o)
                  0x00092e                  __fpack
 .libc.printf     0x00097a         0x10 c:/program files/microchip/xc16/v2.10/bin/bin/../../lib\libc99-elf.a(printf.XX_o)
                  0x00097a                  _printf
 .libc.__dummy0
                  0x00098a          0x2 c:/program files/microchip/xc16/v2.10/bin/bin/../../lib\libc99-elf.a(stdout.XX_o)
                  0x00098a                  ___stdio_seek
 .libc.__dummy    0x00098c          0x4 c:/program files/microchip/xc16/v2.10/bin/bin/../../lib\libc99-elf.a(stdout.XX_o)
                  0x00098c                  ___get_stdout
 .libc.__init_stdout
                  0x000990          0x8 c:/program files/microchip/xc16/v2.10/bin/bin/../../lib\libc99-elf.a(stdout.XX_o)
                  0x000990                  ___init_stdout
 .libc.strlen     0x000998         0x30 c:/program files/microchip/xc16/v2.10/bin/bin/../../lib\libc99-elf.a(strlen.XX_o)
                  0x000998                  _strlen
 .libc.vfprintf
                  0x0009c8         0x1c c:/program files/microchip/xc16/v2.10/bin/bin/../../lib\libc99-elf.a(vfprintf.XX_o)
                  0x0009c8                  _vfprintf
 .libc.__string_out
                  0x0009e4         0x26 c:/program files/microchip/xc16/v2.10/bin/bin/../../lib\libc99-elf.a(__out.XX_o)
 .libc.__fwrite_min
                  0x000a0a          0x4 c:/program files/microchip/xc16/v2.10/bin/bin/../../lib\libc99-elf.a(__out.XX_o)
                  0x000a0a                  ___fwrite
                  0x000a0a                  ___stdio_write
                  0x000a0a                  ___stdio_write_unbuffered
 .libc.__out      0x000a0e         0x10 c:/program files/microchip/xc16/v2.10/bin/bin/../../lib\libc99-elf.a(__out.XX_o)
                  0x000a0e                  ___out_needed
                  0x000a0e                  ___out
 .libc.__pop_float
                  0x000a1e         0x3e c:/program files/microchip/xc16/v2.10/bin/bin/../../lib\libc99-elf.a(__pop_float.XX_o)
                  0x000a1e                  ___pop_float
                  0x000a1e                  ___pop_float_needed
 .libc.__pop_int
                  0x000a5c         0xa8 c:/program files/microchip/xc16/v2.10/bin/bin/../../lib\libc99-elf.a(__pop_int.XX_o)
                  0x000a5c                  ___pop_int
                  0x000a5c                  ___pop_int_needed
 .libc.__pop_ptr
                  0x000b04         0x70 c:/program files/microchip/xc16/v2.10/bin/bin/../../lib\libc99-elf.a(__pop_ptr.XX_o)
                  0x000b04                  ___pop_ptr_needed
                  0x000b04                  ___pop_ptr
 .libc.__string_out
                  0x000b74         0x26 c:/program files/microchip/xc16/v2.10/bin/bin/../../lib\libc99-elf.a(__printf_core.XX_o)
 .libc.__pad      0x000b9a         0x74 c:/program files/microchip/xc16/v2.10/bin/bin/../../lib\libc99-elf.a(__printf_core.XX_o)
                  0x000b9a                  ___pad
 .libc.__dummy_fmt3
                  0x000c0e          0x2 c:/program files/microchip/xc16/v2.10/bin/bin/../../lib\libc99-elf.a(__printf_core.XX_o)
 .libc.__dummy_fmt4
                  0x000c10          0x2 c:/program files/microchip/xc16/v2.10/bin/bin/../../lib\libc99-elf.a(__printf_core.XX_o)
 .libc.__dummy_fmts
                  0x000c12          0x2 c:/program files/microchip/xc16/v2.10/bin/bin/../../lib\libc99-elf.a(__printf_core.XX_o)
 .libc.__fmt_state
                  0x000c14         0x2c c:/program files/microchip/xc16/v2.10/bin/bin/../../lib\libc99-elf.a(__printf_core.XX_o)
                  0x000c14                  ___fmt_state
 .libc.vfpfcnvrt.clone.0
                  0x000c40        0x2d8 c:/program files/microchip/xc16/v2.10/bin/bin/../../lib\libc99-elf.a(__printf_core.XX_o)
 .libc.__printf_core
                  0x000f18         0x40 c:/program files/microchip/xc16/v2.10/bin/bin/../../lib\libc99-elf.a(__printf_core.XX_o)
                  0x000f18                  ___printf_core
 .libc.__stdio_close
                  0x000f58         0x3e c:/program files/microchip/xc16/v2.10/bin/bin/../../lib\libc99-elf.a(__stdio_close.XX_o)
                  0x000f58                  ___stdio_close
 .libc.__stdio_close_rw
                  0x000f96         0x58 c:/program files/microchip/xc16/v2.10/bin/bin/../../lib\libc99-elf.a(__stdio_close.XX_o)
                  0x000f96                  ___stdio_close_rw
 .libc.__isspace
                  0x000fee         0x14 c:/program files/microchip/xc16/v2.10/bin/bin/../../lib\libc99-elf.a(atoi.XX_o)
 .libc.atoi       0x001002         0x4c c:/program files/microchip/xc16/v2.10/bin/bin/../../lib\libc99-elf.a(atoi.XX_o)
                  0x001002                  _atoi
 .libc.__lseek    0x00104e          0xc c:/program files/microchip/xc16/v2.10/bin/bin/../../lib\libc99-elf.a(lseek.XX_o)
                  0x00104e                  _lseek
                  0x00104e                  ___lseek
 .libc.memcpy     0x00105a          0xe c:/program files/microchip/xc16/v2.10/bin/bin/../../lib\libc99-elf.a(memcpy.XX_o)
                  0x00105a                  _memcpy
 .libc.memset     0x001068         0xc8 c:/program files/microchip/xc16/v2.10/bin/bin/../../lib\libc99-elf.a(memset.XX_o)
                  0x001068                  _memset
 .libc.__syscall_ret
                  0x001130         0x14 c:/program files/microchip/xc16/v2.10/bin/bin/../../lib\libc99-elf.a(syscall_ret.XX_o)
                  0x001130                  ___syscall_ret
 .libc.tolower    0x001144          0xc c:/program files/microchip/xc16/v2.10/bin/bin/../../lib\libc99-elf.a(tolower.XX_o)
                  0x001144                  _tolower
 .libc.__tolower_l
                  0x001150          0x2 c:/program files/microchip/xc16/v2.10/bin/bin/../../lib\libc99-elf.a(tolower.XX_o)
                  0x001150                  ___tolower_l
                  0x001150                  _tolower_l
 .libc.__LONG_DOUBLE_BITS
                  0x001152          0x2 c:/program files/microchip/xc16/v2.10/bin/bin/../../lib\libc99-elf.a(__fmt_a.XX_o)
 .libc.__fmt_a    0x001154        0x544 c:/program files/microchip/xc16/v2.10/bin/bin/../../lib\libc99-elf.a(__fmt_a.XX_o)
                  0x001154                  ___fmt_a_needed
                  0x001154                  ___fmt_a
 .libc.__fmt_d    0x001698         0xb2 c:/program files/microchip/xc16/v2.10/bin/bin/../../lib\libc99-elf.a(__fmt_d.XX_o)
                  0x001698                  ___fmt_d
                  0x001698                  ___fmt_d_needed
 .libc.__LONG_DOUBLE_BITS
                  0x00174a          0x2 c:/program files/microchip/xc16/v2.10/bin/bin/../../lib\libc99-elf.a(__fmt_fp.XX_o)
 .libc.__fmt_fp
                  0x00174c        0x5b6 c:/program files/microchip/xc16/v2.10/bin/bin/../../lib\libc99-elf.a(__fmt_fp.XX_o)
                  0x00174c                  ___fmt_f_needed
                  0x00174c                  ___fmt_fp
 .libc.__fmt_o    0x001d02         0x6a c:/program files/microchip/xc16/v2.10/bin/bin/../../lib\libc99-elf.a(__fmt_o.XX_o)
                  0x001d02                  ___fmt_o
                  0x001d02                  ___fmt_o_needed
 .libc.__fmt_s    0x001d6c         0x54 c:/program files/microchip/xc16/v2.10/bin/bin/../../lib\libc99-elf.a(__fmt_s.XX_o)
                  0x001d6c                  ___fmt_0_needed
                  0x001d6c                  ___fmt_s_needed
                  0x001d6c                  ___fmt_s
 .libc.__cvt_u    0x001dc0         0xa6 c:/program files/microchip/xc16/v2.10/bin/bin/../../lib\libc99-elf.a(__fmt_u.XX_o)
                  0x001dc0                  ___cvt_u
 .libc.__fmt_u    0x001e66         0x52 c:/program files/microchip/xc16/v2.10/bin/bin/../../lib\libc99-elf.a(__fmt_u.XX_o)
                  0x001e66                  ___fmt_u
                  0x001e66                  ___fmt_u_needed
 .libc.__fmt_x    0x001eb8        0x14a c:/program files/microchip/xc16/v2.10/bin/bin/../../lib\libc99-elf.a(__fmt_x.XX_o)
                  0x001eb8                  ___fmt_x_needed
                  0x001eb8                  ___fmt_x
 .libc.__dummy    0x002002          0x2 c:/program files/microchip/xc16/v2.10/bin/bin/../../lib\libc99-elf.a(__init_stdio.XX_o)
                  0x002002                  ___init_stderr
                  0x002002                  ___init_stdin
 .libc.__init_stdio
                  0x002004          0x6 c:/program files/microchip/xc16/v2.10/bin/bin/../../lib\libc99-elf.a(__init_stdio.XX_o)
                  0x002004                  ___init_stdio
                  0x002004                  ___init_stdio_needed
 .libc.strcpy     0x00200a          0xe c:/program files/microchip/xc16/v2.10/bin/bin/../../lib\libc99-elf.a(strcpy.XX_o)
                  0x00200a                  _strcpy
 .libc.toupper    0x002018          0xc c:/program files/microchip/xc16/v2.10/bin/bin/../../lib\libc99-elf.a(toupper.XX_o)
                  0x002018                  _toupper
 .libc.__toupper_l
                  0x002024          0x2 c:/program files/microchip/xc16/v2.10/bin/bin/../../lib\libc99-elf.a(toupper.XX_o)
                  0x002024                  ___toupper_l
                  0x002024                  _toupper_l
 .libc.__stpcpy
                  0x002026         0x40 c:/program files/microchip/xc16/v2.10/bin/bin/../../lib\libc99-elf.a(stpcpy.XX_o)
                  0x002026                  ___stpcpy
                  0x002026                  _stpcpy
 .libc.doclose    0x002066          0x4 c:/program files/microchip/xc16/v2.10/bin/bin/../../lib\libc99-pic30-elf.a(close.Meo)
 .libc.dowrite    0x00206a          0x4 c:/program files/microchip/xc16/v2.10/bin/bin/../../lib\libc99-pic30-elf.a(write.Meo)
 .libm.eqdf2      0x00206e          0xa c:/program files/microchip/xc16/v2.10/bin/bin/../../lib\libc99-pic30-elf.a(deqltle.XX_o)
                  0x00206e                  ___eqdf2
                  0x00206e                  ___ltdf2
                  0x00206e                  ___ledf2
 .libm.gtdf2      0x002078          0xa c:/program files/microchip/xc16/v2.10/bin/bin/../../lib\libc99-pic30-elf.a(dgtge.XX_o)
                  0x002078                  ___gtdf2
                  0x002078                  ___gedf2
 .libm.extendsfdf2
                  0x002082         0x3e c:/program files/microchip/xc16/v2.10/bin/bin/../../lib\libc99-pic30-elf.a(extendsfdf.XX_o)
                  0x002082                  ___extendsfdf2
 .libm.fixdfsi    0x0020c0         0x58 c:/program files/microchip/xc16/v2.10/bin/bin/../../lib\libc99-pic30-elf.a(fixdfsi.XX_o)
                  0x0020c0                  _(float, int, long long, double, float, short, int)
 .libm.mulsi3     0x002118          0xc c:/program files/microchip/xc16/v2.10/bin/bin/../../lib\libc99-pic30-elf.a(mulsi3.XX_o)
                  0x002118                  ___mulp32peds3
                  0x002118                  ___mulsi3
                  0x002118                  ___mulp32eds3
 .lib_dpfops      0x002124         0xa2 c:/program files/microchip/xc16/v2.10/bin/bin/../../lib\libc99-pic30-elf.a(dpadd.XX_o)
                  0x002124                  ___subdf3
                  0x002130                  ___adddf3
 .lib_dpfops      0x0021c6        0x15e c:/program files/microchip/xc16/v2.10/bin/bin/../../lib\libc99-pic30-elf.a(dpdiv.XX_o)
                  0x0021c6                  ___divdf3
 .lib_dpfops      0x002324        0x11a c:/program files/microchip/xc16/v2.10/bin/bin/../../lib\libc99-pic30-elf.a(dpmul.XX_o)
                  0x002324                  ___muldf3
 .lib_dpfops      0x00243e        0x128 c:/program files/microchip/xc16/v2.10/bin/bin/../../lib\libc99-pic30-elf.a(dpsubs.XX_o)
                  0x002458                  __dxchg
                  0x002466                  __drshft
                  0x0024c0                  __dupchk
                  0x002522                  __drndex
                  0x00252c                  __dnsrnd
                  0x002558                  __dpakex
 .libm.__PplusBdi
                  0x002566         0x26 c:/program files/microchip/xc16/v2.10/bin/bin/../../lib\libc99-pic30-elf.a(divmoddi3.XX_o)
 .libm.__PminusBdi
                  0x00258c         0x26 c:/program files/microchip/xc16/v2.10/bin/bin/../../lib\libc99-pic30-elf.a(divmoddi3.XX_o)
 .libm.__udivmoddi3
                  0x0025b2         0xe6 c:/program files/microchip/xc16/v2.10/bin/bin/../../lib\libc99-pic30-elf.a(divmoddi3.XX_o)
                  0x0025b2                  ___udivmoddi3
 .libm.__udivdi3
                  0x002698          0xe c:/program files/microchip/xc16/v2.10/bin/bin/../../lib\libc99-pic30-elf.a(divmoddi3.XX_o)
                  0x002698                  ___udivdi3
 .libm.__umoddi3
                  0x0026a6          0x8 c:/program files/microchip/xc16/v2.10/bin/bin/../../lib\libc99-pic30-elf.a(divmoddi3.XX_o)
                  0x0026a6                  ___umoddi3
 .libm.__divdi3
                  0x0026ae         0x60 c:/program files/microchip/xc16/v2.10/bin/bin/../../lib\libc99-pic30-elf.a(divmoddi3.XX_o)
                  0x0026ae                  ___divdi3
 .libm.__moddi3
                  0x00270e         0x5c c:/program files/microchip/xc16/v2.10/bin/bin/../../lib\libc99-pic30-elf.a(divmoddi3.XX_o)
                  0x00270e                  ___moddi3
 .libm.dcompare
                  0x00276a         0x52 c:/program files/microchip/xc16/v2.10/bin/bin/../../lib\libc99-pic30-elf.a(dcompare.XX_o)
                  0x00276a                  __dcompare
 .libm.dtype      0x0027bc         0x24 c:/program files/microchip/xc16/v2.10/bin/bin/../../lib\libc99-pic30-elf.a(dtype.XX_o)
                  0x0027bc                  __dtype
 .libm.dunpack    0x0027e0         0x4e c:/program files/microchip/xc16/v2.10/bin/bin/../../lib\libc99-pic30-elf.a(dunpack.XX_o)
                  0x0027e0                  __dunpack
 .libm.dunpack2
                  0x00282e         0x32 c:/program files/microchip/xc16/v2.10/bin/bin/../../lib\libc99-pic30-elf.a(dunpack2.XX_o)
                  0x00282e                  __dunpack2
                  0x002850                  __dreturnNaN
                  0x002856                  __dunpack2exit
 .libm.dPropagateNaN
                  0x002860         0x1c c:/program files/microchip/xc16/v2.10/bin/bin/../../lib\libc99-pic30-elf.a(dpropagateNaN.XX_o)
                  0x002860                  __dPropagateNaN
 .libc.floorl     0x00287c         0xf8 c:/program files/microchip/xc16/v2.10/bin/bin/../../lib\libm-elf.a(floorl.XX_o)
                  0x00287c                  _floorl

usercode
 *(usercode)

__CONFIG2
 *(__CONFIG2.sec*)

__CONFIG1
 *(__CONFIG1.sec*)

.comment
 *(.comment)

.debug_info       0x000000       0x1363
 *(.debug_info)
 .debug_info      0x000000        0x2f0 build/default/production/mainn.o
 .debug_info      0x0002f0         0x8d c:/program files/microchip/xc16/v2.10/bin/bin/../../lib\libc99-pic30-elf.a(fixsfsi.XX_o)
 .debug_info      0x00037d         0x8f c:/program files/microchip/xc16/v2.10/bin/bin/../../lib\libc99-pic30-elf.a(floatsisf.XX_o)
 .debug_info      0x00040c         0x8d c:/program files/microchip/xc16/v2.10/bin/bin/../../lib\libc99-pic30-elf.a(funpack.XX_o)
 .debug_info      0x000499         0x9d c:/program files/microchip/xc16/v2.10/bin/bin/../../lib\libc99-pic30-elf.a(divsf3x.XX_o)
 .debug_info      0x000536         0x9d c:/program files/microchip/xc16/v2.10/bin/bin/../../lib\libc99-pic30-elf.a(mulsf3x.XX_o)
 .debug_info      0x0005d3         0xa0 c:/program files/microchip/xc16/v2.10/bin/bin/../../lib\libc99-pic30-elf.a(dnrmpackfx.XX_o)
 .debug_info      0x000673         0xa2 c:/program files/microchip/xc16/v2.10/bin/bin/../../lib\libc99-pic30-elf.a(unpackdnrmfx.XX_o)
 .debug_info      0x000715         0x9c c:/program files/microchip/xc16/v2.10/bin/bin/../../lib\libc99-pic30-elf.a(typefx.XX_o)
 .debug_info      0x0007b1         0x9f c:/program files/microchip/xc16/v2.10/bin/bin/../../lib\libc99-pic30-elf.a(propnanfx.XX_o)
 .debug_info      0x000850         0x9d c:/program files/microchip/xc16/v2.10/bin/bin/../../lib\libc99-pic30-elf.a(spackfx.XX_o)
 .debug_info      0x0008ed         0x9e c:/program files/microchip/xc16/v2.10/bin/bin/../../lib\libc99-pic30-elf.a(unpackfx.XX_o)
 .debug_info      0x00098b         0x8f c:/program files/microchip/xc16/v2.10/bin/bin/../../lib\libc99-pic30-elf.a(floatdisf.XX_o)
 .debug_info      0x000a1a         0x91 c:/program files/microchip/xc16/v2.10/bin/bin/../../lib\libc99-pic30-elf.a(floatundisf.XX_o)
 .debug_info      0x000aab         0x8b c:/program files/microchip/xc16/v2.10/bin/bin/../../lib\libc99-pic30-elf.a(fpack.XX_o)
 .debug_info      0x000b36         0x8d c:/program files/microchip/xc16/v2.10/bin/bin/../../lib\libc99-pic30-elf.a(deqltle.XX_o)
 .debug_info      0x000bc3         0x8b c:/program files/microchip/xc16/v2.10/bin/bin/../../lib\libc99-pic30-elf.a(dgtge.XX_o)
 .debug_info      0x000c4e         0x90 c:/program files/microchip/xc16/v2.10/bin/bin/../../lib\libc99-pic30-elf.a(extendsfdf.XX_o)
 .debug_info      0x000cde         0x8d c:/program files/microchip/xc16/v2.10/bin/bin/../../lib\libc99-pic30-elf.a(fixdfsi.XX_o)
 .debug_info      0x000d6b         0x8c c:/program files/microchip/xc16/v2.10/bin/bin/../../lib\libc99-pic30-elf.a(mulsi3.XX_o)
 .debug_info      0x000df7         0xa9 c:/program files/microchip/xc16/v2.10/bin/bin/../../lib\libc99-pic30-elf.a(dpadd.XX_o)
 .debug_info      0x000ea0         0xa9 c:/program files/microchip/xc16/v2.10/bin/bin/../../lib\libc99-pic30-elf.a(dpdiv.XX_o)
 .debug_info      0x000f49         0xa9 c:/program files/microchip/xc16/v2.10/bin/bin/../../lib\libc99-pic30-elf.a(dpmul.XX_o)
 .debug_info      0x000ff2         0xaa c:/program files/microchip/xc16/v2.10/bin/bin/../../lib\libc99-pic30-elf.a(dpsubs.XX_o)
 .debug_info      0x00109c         0x8e c:/program files/microchip/xc16/v2.10/bin/bin/../../lib\libc99-pic30-elf.a(dcompare.XX_o)
 .debug_info      0x00112a         0x8b c:/program files/microchip/xc16/v2.10/bin/bin/../../lib\libc99-pic30-elf.a(dtype.XX_o)
 .debug_info      0x0011b5         0x8d c:/program files/microchip/xc16/v2.10/bin/bin/../../lib\libc99-pic30-elf.a(dunpack.XX_o)
 .debug_info      0x001242         0x8e c:/program files/microchip/xc16/v2.10/bin/bin/../../lib\libc99-pic30-elf.a(dunpack2.XX_o)
 .debug_info      0x0012d0         0x93 c:/program files/microchip/xc16/v2.10/bin/bin/../../lib\libc99-pic30-elf.a(dpropagateNaN.XX_o)
 *(.gnu.linkonce.wi.*)

.debug_abbrev     0x000000        0x2ef
 *(.debug_abbrev)
 .debug_abbrev    0x000000         0xbf build/default/production/mainn.o
 .debug_abbrev    0x0000bf         0x14 c:/program files/microchip/xc16/v2.10/bin/bin/../../lib\libc99-pic30-elf.a(fixsfsi.XX_o)
 .debug_abbrev    0x0000d3         0x14 c:/program files/microchip/xc16/v2.10/bin/bin/../../lib\libc99-pic30-elf.a(floatsisf.XX_o)
 .debug_abbrev    0x0000e7         0x14 c:/program files/microchip/xc16/v2.10/bin/bin/../../lib\libc99-pic30-elf.a(funpack.XX_o)
 .debug_abbrev    0x0000fb         0x14 c:/program files/microchip/xc16/v2.10/bin/bin/../../lib\libc99-pic30-elf.a(divsf3x.XX_o)
 .debug_abbrev    0x00010f         0x14 c:/program files/microchip/xc16/v2.10/bin/bin/../../lib\libc99-pic30-elf.a(mulsf3x.XX_o)
 .debug_abbrev    0x000123         0x14 c:/program files/microchip/xc16/v2.10/bin/bin/../../lib\libc99-pic30-elf.a(dnrmpackfx.XX_o)
 .debug_abbrev    0x000137         0x14 c:/program files/microchip/xc16/v2.10/bin/bin/../../lib\libc99-pic30-elf.a(unpackdnrmfx.XX_o)
 .debug_abbrev    0x00014b         0x14 c:/program files/microchip/xc16/v2.10/bin/bin/../../lib\libc99-pic30-elf.a(typefx.XX_o)
 .debug_abbrev    0x00015f         0x14 c:/program files/microchip/xc16/v2.10/bin/bin/../../lib\libc99-pic30-elf.a(propnanfx.XX_o)
 .debug_abbrev    0x000173         0x14 c:/program files/microchip/xc16/v2.10/bin/bin/../../lib\libc99-pic30-elf.a(spackfx.XX_o)
 .debug_abbrev    0x000187         0x14 c:/program files/microchip/xc16/v2.10/bin/bin/../../lib\libc99-pic30-elf.a(unpackfx.XX_o)
 .debug_abbrev    0x00019b         0x14 c:/program files/microchip/xc16/v2.10/bin/bin/../../lib\libc99-pic30-elf.a(floatdisf.XX_o)
 .debug_abbrev    0x0001af         0x14 c:/program files/microchip/xc16/v2.10/bin/bin/../../lib\libc99-pic30-elf.a(floatundisf.XX_o)
 .debug_abbrev    0x0001c3         0x14 c:/program files/microchip/xc16/v2.10/bin/bin/../../lib\libc99-pic30-elf.a(fpack.XX_o)
 .debug_abbrev    0x0001d7         0x14 c:/program files/microchip/xc16/v2.10/bin/bin/../../lib\libc99-pic30-elf.a(deqltle.XX_o)
 .debug_abbrev    0x0001eb         0x14 c:/program files/microchip/xc16/v2.10/bin/bin/../../lib\libc99-pic30-elf.a(dgtge.XX_o)
 .debug_abbrev    0x0001ff         0x14 c:/program files/microchip/xc16/v2.10/bin/bin/../../lib\libc99-pic30-elf.a(extendsfdf.XX_o)
 .debug_abbrev    0x000213         0x14 c:/program files/microchip/xc16/v2.10/bin/bin/../../lib\libc99-pic30-elf.a(fixdfsi.XX_o)
 .debug_abbrev    0x000227         0x14 c:/program files/microchip/xc16/v2.10/bin/bin/../../lib\libc99-pic30-elf.a(mulsi3.XX_o)
 .debug_abbrev    0x00023b         0x14 c:/program files/microchip/xc16/v2.10/bin/bin/../../lib\libc99-pic30-elf.a(dpadd.XX_o)
 .debug_abbrev    0x00024f         0x14 c:/program files/microchip/xc16/v2.10/bin/bin/../../lib\libc99-pic30-elf.a(dpdiv.XX_o)
 .debug_abbrev    0x000263         0x14 c:/program files/microchip/xc16/v2.10/bin/bin/../../lib\libc99-pic30-elf.a(dpmul.XX_o)
 .debug_abbrev    0x000277         0x14 c:/program files/microchip/xc16/v2.10/bin/bin/../../lib\libc99-pic30-elf.a(dpsubs.XX_o)
 .debug_abbrev    0x00028b         0x14 c:/program files/microchip/xc16/v2.10/bin/bin/../../lib\libc99-pic30-elf.a(dcompare.XX_o)
 .debug_abbrev    0x00029f         0x14 c:/program files/microchip/xc16/v2.10/bin/bin/../../lib\libc99-pic30-elf.a(dtype.XX_o)
 .debug_abbrev    0x0002b3         0x14 c:/program files/microchip/xc16/v2.10/bin/bin/../../lib\libc99-pic30-elf.a(dunpack.XX_o)
 .debug_abbrev    0x0002c7         0x14 c:/program files/microchip/xc16/v2.10/bin/bin/../../lib\libc99-pic30-elf.a(dunpack2.XX_o)
 .debug_abbrev    0x0002db         0x14 c:/program files/microchip/xc16/v2.10/bin/bin/../../lib\libc99-pic30-elf.a(dpropagateNaN.XX_o)

.debug_line       0x000000        0xe52
 *(.debug_line)
 .debug_line      0x000000        0x14b build/default/production/mainn.o
 .debug_line      0x00014b         0x56 c:/program files/microchip/xc16/v2.10/bin/bin/../../lib\libc99-pic30-elf.a(fixsfsi.XX_o)
 .debug_line      0x0001a1         0x3a c:/program files/microchip/xc16/v2.10/bin/bin/../../lib\libc99-pic30-elf.a(floatsisf.XX_o)
 .debug_line      0x0001db         0x4a c:/program files/microchip/xc16/v2.10/bin/bin/../../lib\libc99-pic30-elf.a(funpack.XX_o)
 .debug_line      0x000225        0x124 c:/program files/microchip/xc16/v2.10/bin/bin/../../lib\libc99-pic30-elf.a(divsf3x.XX_o)
 .debug_line      0x000349         0xcc c:/program files/microchip/xc16/v2.10/bin/bin/../../lib\libc99-pic30-elf.a(mulsf3x.XX_o)
 .debug_line      0x000415         0x72 c:/program files/microchip/xc16/v2.10/bin/bin/../../lib\libc99-pic30-elf.a(dnrmpackfx.XX_o)
 .debug_line      0x000487         0x7a c:/program files/microchip/xc16/v2.10/bin/bin/../../lib\libc99-pic30-elf.a(unpackdnrmfx.XX_o)
 .debug_line      0x000501         0x5e c:/program files/microchip/xc16/v2.10/bin/bin/../../lib\libc99-pic30-elf.a(typefx.XX_o)
 .debug_line      0x00055f         0x51 c:/program files/microchip/xc16/v2.10/bin/bin/../../lib\libc99-pic30-elf.a(propnanfx.XX_o)
 .debug_line      0x0005b0         0x98 c:/program files/microchip/xc16/v2.10/bin/bin/../../lib\libc99-pic30-elf.a(spackfx.XX_o)
 .debug_line      0x000648         0x79 c:/program files/microchip/xc16/v2.10/bin/bin/../../lib\libc99-pic30-elf.a(unpackfx.XX_o)
 .debug_line      0x0006c1         0x1a c:/program files/microchip/xc16/v2.10/bin/bin/../../lib\libc99-pic30-elf.a(errno.XX_o)
 .debug_line      0x0006db         0x47 c:/program files/microchip/xc16/v2.10/bin/bin/../../lib\libc99-pic30-elf.a(floatdisf.XX_o)
 .debug_line      0x000722         0x6c c:/program files/microchip/xc16/v2.10/bin/bin/../../lib\libc99-pic30-elf.a(floatundisf.XX_o)
 .debug_line      0x00078e         0x5a c:/program files/microchip/xc16/v2.10/bin/bin/../../lib\libc99-pic30-elf.a(fpack.XX_o)
 .debug_line      0x0007e8         0x3a c:/program files/microchip/xc16/v2.10/bin/bin/../../lib\libc99-pic30-elf.a(deqltle.XX_o)
 .debug_line      0x000822         0x38 c:/program files/microchip/xc16/v2.10/bin/bin/../../lib\libc99-pic30-elf.a(dgtge.XX_o)
 .debug_line      0x00085a         0x59 c:/program files/microchip/xc16/v2.10/bin/bin/../../lib\libc99-pic30-elf.a(extendsfdf.XX_o)
 .debug_line      0x0008b3         0x61 c:/program files/microchip/xc16/v2.10/bin/bin/../../lib\libc99-pic30-elf.a(fixdfsi.XX_o)
 .debug_line      0x000914         0x3a c:/program files/microchip/xc16/v2.10/bin/bin/../../lib\libc99-pic30-elf.a(mulsi3.XX_o)
 .debug_line      0x00094e         0xa2 c:/program files/microchip/xc16/v2.10/bin/bin/../../lib\libc99-pic30-elf.a(dpadd.XX_o)
 .debug_line      0x0009f0        0x100 c:/program files/microchip/xc16/v2.10/bin/bin/../../lib\libc99-pic30-elf.a(dpdiv.XX_o)
 .debug_line      0x000af0         0xde c:/program files/microchip/xc16/v2.10/bin/bin/../../lib\libc99-pic30-elf.a(dpmul.XX_o)
 .debug_line      0x000bce         0xe8 c:/program files/microchip/xc16/v2.10/bin/bin/../../lib\libc99-pic30-elf.a(dpsubs.XX_o)
 .debug_line      0x000cb6         0x5f c:/program files/microchip/xc16/v2.10/bin/bin/../../lib\libc99-pic30-elf.a(dcompare.XX_o)
 .debug_line      0x000d15         0x45 c:/program files/microchip/xc16/v2.10/bin/bin/../../lib\libc99-pic30-elf.a(dtype.XX_o)
 .debug_line      0x000d5a         0x5c c:/program files/microchip/xc16/v2.10/bin/bin/../../lib\libc99-pic30-elf.a(dunpack.XX_o)
 .debug_line      0x000db6         0x53 c:/program files/microchip/xc16/v2.10/bin/bin/../../lib\libc99-pic30-elf.a(dunpack2.XX_o)
 .debug_line      0x000e09         0x49 c:/program files/microchip/xc16/v2.10/bin/bin/../../lib\libc99-pic30-elf.a(dpropagateNaN.XX_o)

.debug_frame      0x000000         0x4a
 *(.debug_frame)
 .debug_frame     0x000000         0x4a build/default/production/mainn.o

.debug_loc
 *(.debug_loc)

.debug_macinfo
 *(.debug_macinfo)

.debug_pubnames
                  0x000000         0x27
 *(.debug_pubnames)
 .debug_pubnames
                  0x000000         0x27 build/default/production/mainn.o

.debug_ranges
 *(.debug_ranges)

.debug_aranges    0x000000        0x398
 *(.debug_aranges)
 .debug_aranges
                  0x000000         0x18 build/default/production/mainn.o
 .debug_aranges
                  0x000018         0x20 c:/program files/microchip/xc16/v2.10/bin/bin/../../lib\libc99-pic30-elf.a(fixsfsi.XX_o)
 .debug_aranges
                  0x000038         0x20 c:/program files/microchip/xc16/v2.10/bin/bin/../../lib\libc99-pic30-elf.a(floatsisf.XX_o)
 .debug_aranges
                  0x000058         0x20 c:/program files/microchip/xc16/v2.10/bin/bin/../../lib\libc99-pic30-elf.a(funpack.XX_o)
 .debug_aranges
                  0x000078         0x20 c:/program files/microchip/xc16/v2.10/bin/bin/../../lib\libc99-pic30-elf.a(divsf3x.XX_o)
 .debug_aranges
                  0x000098         0x20 c:/program files/microchip/xc16/v2.10/bin/bin/../../lib\libc99-pic30-elf.a(mulsf3x.XX_o)
 .debug_aranges
                  0x0000b8         0x20 c:/program files/microchip/xc16/v2.10/bin/bin/../../lib\libc99-pic30-elf.a(dnrmpackfx.XX_o)
 .debug_aranges
                  0x0000d8         0x20 c:/program files/microchip/xc16/v2.10/bin/bin/../../lib\libc99-pic30-elf.a(unpackdnrmfx.XX_o)
 .debug_aranges
                  0x0000f8         0x20 c:/program files/microchip/xc16/v2.10/bin/bin/../../lib\libc99-pic30-elf.a(typefx.XX_o)
 .debug_aranges
                  0x000118         0x20 c:/program files/microchip/xc16/v2.10/bin/bin/../../lib\libc99-pic30-elf.a(propnanfx.XX_o)
 .debug_aranges
                  0x000138         0x20 c:/program files/microchip/xc16/v2.10/bin/bin/../../lib\libc99-pic30-elf.a(spackfx.XX_o)
 .debug_aranges
                  0x000158         0x20 c:/program files/microchip/xc16/v2.10/bin/bin/../../lib\libc99-pic30-elf.a(unpackfx.XX_o)
 .debug_aranges
                  0x000178         0x20 c:/program files/microchip/xc16/v2.10/bin/bin/../../lib\libc99-pic30-elf.a(floatdisf.XX_o)
 .debug_aranges
                  0x000198         0x20 c:/program files/microchip/xc16/v2.10/bin/bin/../../lib\libc99-pic30-elf.a(floatundisf.XX_o)
 .debug_aranges
                  0x0001b8         0x20 c:/program files/microchip/xc16/v2.10/bin/bin/../../lib\libc99-pic30-elf.a(fpack.XX_o)
 .debug_aranges
                  0x0001d8         0x20 c:/program files/microchip/xc16/v2.10/bin/bin/../../lib\libc99-pic30-elf.a(deqltle.XX_o)
 .debug_aranges
                  0x0001f8         0x20 c:/program files/microchip/xc16/v2.10/bin/bin/../../lib\libc99-pic30-elf.a(dgtge.XX_o)
 .debug_aranges
                  0x000218         0x20 c:/program files/microchip/xc16/v2.10/bin/bin/../../lib\libc99-pic30-elf.a(extendsfdf.XX_o)
 .debug_aranges
                  0x000238         0x20 c:/program files/microchip/xc16/v2.10/bin/bin/../../lib\libc99-pic30-elf.a(fixdfsi.XX_o)
 .debug_aranges
                  0x000258         0x20 c:/program files/microchip/xc16/v2.10/bin/bin/../../lib\libc99-pic30-elf.a(mulsi3.XX_o)
 .debug_aranges
                  0x000278         0x20 c:/program files/microchip/xc16/v2.10/bin/bin/../../lib\libc99-pic30-elf.a(dpadd.XX_o)
 .debug_aranges
                  0x000298         0x20 c:/program files/microchip/xc16/v2.10/bin/bin/../../lib\libc99-pic30-elf.a(dpdiv.XX_o)
 .debug_aranges
                  0x0002b8         0x20 c:/program files/microchip/xc16/v2.10/bin/bin/../../lib\libc99-pic30-elf.a(dpmul.XX_o)
 .debug_aranges
                  0x0002d8         0x20 c:/program files/microchip/xc16/v2.10/bin/bin/../../lib\libc99-pic30-elf.a(dpsubs.XX_o)
 .debug_aranges
                  0x0002f8         0x20 c:/program files/microchip/xc16/v2.10/bin/bin/../../lib\libc99-pic30-elf.a(dcompare.XX_o)
 .debug_aranges
                  0x000318         0x20 c:/program files/microchip/xc16/v2.10/bin/bin/../../lib\libc99-pic30-elf.a(dtype.XX_o)
 .debug_aranges
                  0x000338         0x20 c:/program files/microchip/xc16/v2.10/bin/bin/../../lib\libc99-pic30-elf.a(dunpack.XX_o)
 .debug_aranges
                  0x000358         0x20 c:/program files/microchip/xc16/v2.10/bin/bin/../../lib\libc99-pic30-elf.a(dunpack2.XX_o)
 .debug_aranges
                  0x000378         0x20 c:/program files/microchip/xc16/v2.10/bin/bin/../../lib\libc99-pic30-elf.a(dpropagateNaN.XX_o)
                    0x0000                  WREG0 = 0x0
                    0x0000                  _WREG0 = 0x0
                    0x0002                  WREG1 = 0x2
                    0x0002                  _WREG1 = 0x2
                    0x0004                  WREG2 = 0x4
                    0x0004                  _WREG2 = 0x4
                    0x0006                  WREG3 = 0x6
                    0x0006                  _WREG3 = 0x6
                    0x0008                  WREG4 = 0x8
                    0x0008                  _WREG4 = 0x8
                    0x000a                  WREG5 = 0xa
                    0x000a                  _WREG5 = 0xa
                    0x000c                  WREG6 = 0xc
                    0x000c                  _WREG6 = 0xc
                    0x000e                  WREG7 = 0xe
                    0x000e                  _WREG7 = 0xe
                    0x0010                  WREG8 = 0x10
                    0x0010                  _WREG8 = 0x10
                    0x0012                  WREG9 = 0x12
                    0x0012                  _WREG9 = 0x12
                    0x0014                  WREG10 = 0x14
                    0x0014                  _WREG10 = 0x14
                    0x0016                  WREG11 = 0x16
                    0x0016                  _WREG11 = 0x16
                    0x0018                  WREG12 = 0x18
                    0x0018                  _WREG12 = 0x18
                    0x001a                  WREG13 = 0x1a
                    0x001a                  _WREG13 = 0x1a
                    0x001c                  WREG14 = 0x1c
                    0x001c                  _WREG14 = 0x1c
                    0x001e                  WREG15 = 0x1e
                    0x001e                  _WREG15 = 0x1e
                    0x0020                  SPLIM = 0x20
                    0x0020                  _SPLIM = 0x20
                    0x002e                  PCL = 0x2e
                    0x002e                  _PCL = 0x2e
                    0x0030                  PCH = 0x30
                    0x0030                  _PCH = 0x30
                    0x0032                  TBLPAG = 0x32
                    0x0032                  _TBLPAG = 0x32
                    0x0034                  PSVPAG = 0x34
                    0x0034                  _PSVPAG = 0x34
                    0x0036                  RCOUNT = 0x36
                    0x0036                  _RCOUNT = 0x36
                    0x0042                  SR = 0x42
                    0x0042                  _SR = 0x42
                    0x0042                  _SRbits = 0x42
                    0x0044                  CORCON = 0x44
                    0x0044                  _CORCON = 0x44
                    0x0044                  _CORCONbits = 0x44
                    0x0052                  DISICNT = 0x52
                    0x0052                  _DISICNT = 0x52
                    0x0060                  CNEN1 = 0x60
                    0x0060                  _CNEN1 = 0x60
                    0x0060                  _CNEN1bits = 0x60
                    0x0062                  CNEN2 = 0x62
                    0x0062                  _CNEN2 = 0x62
                    0x0062                  _CNEN2bits = 0x62
                    0x0068                  CNPU1 = 0x68
                    0x0068                  _CNPU1 = 0x68
                    0x0068                  _CNPU1bits = 0x68
                    0x006a                  CNPU2 = 0x6a
                    0x006a                  _CNPU2 = 0x6a
                    0x006a                  _CNPU2bits = 0x6a
                    0x0080                  INTCON1 = 0x80
                    0x0080                  _INTCON1 = 0x80
                    0x0080                  _INTCON1bits = 0x80
                    0x0082                  INTCON2 = 0x82
                    0x0082                  _INTCON2 = 0x82
                    0x0082                  _INTCON2bits = 0x82
                    0x0084                  IFS0 = 0x84
                    0x0084                  _IFS0 = 0x84
                    0x0084                  _IFS0bits = 0x84
                    0x0086                  IFS1 = 0x86
                    0x0086                  _IFS1 = 0x86
                    0x0086                  _IFS1bits = 0x86
                    0x0088                  IFS2 = 0x88
                    0x0088                  _IFS2 = 0x88
                    0x0088                  _IFS2bits = 0x88
                    0x008a                  IFS3 = 0x8a
                    0x008a                  _IFS3 = 0x8a
                    0x008a                  _IFS3bits = 0x8a
                    0x008c                  IFS4 = 0x8c
                    0x008c                  _IFS4 = 0x8c
                    0x008c                  _IFS4bits = 0x8c
                    0x0094                  IEC0 = 0x94
                    0x0094                  _IEC0 = 0x94
                    0x0094                  _IEC0bits = 0x94
                    0x0096                  IEC1 = 0x96
                    0x0096                  _IEC1 = 0x96
                    0x0096                  _IEC1bits = 0x96
                    0x0098                  IEC2 = 0x98
                    0x0098                  _IEC2 = 0x98
                    0x0098                  _IEC2bits = 0x98
                    0x009a                  IEC3 = 0x9a
                    0x009a                  _IEC3 = 0x9a
                    0x009a                  _IEC3bits = 0x9a
                    0x009c                  IEC4 = 0x9c
                    0x009c                  _IEC4 = 0x9c
                    0x009c                  _IEC4bits = 0x9c
                    0x00a4                  IPC0 = 0xa4
                    0x00a4                  _IPC0 = 0xa4
                    0x00a4                  _IPC0bits = 0xa4
                    0x00a6                  IPC1 = 0xa6
                    0x00a6                  _IPC1 = 0xa6
                    0x00a6                  _IPC1bits = 0xa6
                    0x00a8                  IPC2 = 0xa8
                    0x00a8                  _IPC2 = 0xa8
                    0x00a8                  _IPC2bits = 0xa8
                    0x00aa                  IPC3 = 0xaa
                    0x00aa                  _IPC3 = 0xaa
                    0x00aa                  _IPC3bits = 0xaa
                    0x00ac                  IPC4 = 0xac
                    0x00ac                  _IPC4 = 0xac
                    0x00ac                  _IPC4bits = 0xac
                    0x00ae                  IPC5 = 0xae
                    0x00ae                  _IPC5 = 0xae
                    0x00ae                  _IPC5bits = 0xae
                    0x00b0                  IPC6 = 0xb0
                    0x00b0                  _IPC6 = 0xb0
                    0x00b0                  _IPC6bits = 0xb0
                    0x00b2                  IPC7 = 0xb2
                    0x00b2                  _IPC7 = 0xb2
                    0x00b2                  _IPC7bits = 0xb2
                    0x00b4                  IPC8 = 0xb4
                    0x00b4                  _IPC8 = 0xb4
                    0x00b4                  _IPC8bits = 0xb4
                    0x00b6                  IPC9 = 0xb6
                    0x00b6                  _IPC9 = 0xb6
                    0x00b6                  _IPC9bits = 0xb6
                    0x00b8                  IPC10 = 0xb8
                    0x00b8                  _IPC10 = 0xb8
                    0x00b8                  _IPC10bits = 0xb8
                    0x00ba                  IPC11 = 0xba
                    0x00ba                  _IPC11 = 0xba
                    0x00ba                  _IPC11bits = 0xba
                    0x00bc                  IPC12 = 0xbc
                    0x00bc                  _IPC12 = 0xbc
                    0x00bc                  _IPC12bits = 0xbc
                    0x00be                  IPC13 = 0xbe
                    0x00be                  _IPC13 = 0xbe
                    0x00be                  _IPC13bits = 0xbe
                    0x00c2                  IPC15 = 0xc2
                    0x00c2                  _IPC15 = 0xc2
                    0x00c2                  _IPC15bits = 0xc2
                    0x00c4                  IPC16 = 0xc4
                    0x00c4                  _IPC16 = 0xc4
                    0x00c4                  _IPC16bits = 0xc4
                    0x00e0                  INTTREG = 0xe0
                    0x00e0                  _INTTREG = 0xe0
                    0x00e0                  _INTTREGbits = 0xe0
                    0x0100                  TMR1 = 0x100
                    0x0100                  _TMR1 = 0x100
                    0x0102                  PR1 = 0x102
                    0x0102                  _PR1 = 0x102
                    0x0104                  T1CON = 0x104
                    0x0104                  _T1CON = 0x104
                    0x0104                  _T1CONbits = 0x104
                    0x0106                  TMR2 = 0x106
                    0x0106                  _TMR2 = 0x106
                    0x0108                  TMR3HLD = 0x108
                    0x0108                  _TMR3HLD = 0x108
                    0x010a                  TMR3 = 0x10a
                    0x010a                  _TMR3 = 0x10a
                    0x010c                  PR2 = 0x10c
                    0x010c                  _PR2 = 0x10c
                    0x010e                  PR3 = 0x10e
                    0x010e                  _PR3 = 0x10e
                    0x0110                  T2CON = 0x110
                    0x0110                  _T2CON = 0x110
                    0x0110                  _T2CONbits = 0x110
                    0x0112                  T3CON = 0x112
                    0x0112                  _T3CON = 0x112
                    0x0112                  _T3CONbits = 0x112
                    0x0114                  TMR4 = 0x114
                    0x0114                  _TMR4 = 0x114
                    0x0116                  TMR5HLD = 0x116
                    0x0116                  _TMR5HLD = 0x116
                    0x0118                  TMR5 = 0x118
                    0x0118                  _TMR5 = 0x118
                    0x011a                  PR4 = 0x11a
                    0x011a                  _PR4 = 0x11a
                    0x011c                  PR5 = 0x11c
                    0x011c                  _PR5 = 0x11c
                    0x011e                  T4CON = 0x11e
                    0x011e                  _T4CON = 0x11e
                    0x011e                  _T4CONbits = 0x11e
                    0x0120                  T5CON = 0x120
                    0x0120                  _T5CON = 0x120
                    0x0120                  _T5CONbits = 0x120
                    0x0140                  IC1BUF = 0x140
                    0x0140                  _IC1BUF = 0x140
                    0x0142                  IC1CON = 0x142
                    0x0142                  _IC1CON = 0x142
                    0x0142                  _IC1CONbits = 0x142
                    0x0144                  IC2BUF = 0x144
                    0x0144                  _IC2BUF = 0x144
                    0x0146                  IC2CON = 0x146
                    0x0146                  _IC2CON = 0x146
                    0x0146                  _IC2CONbits = 0x146
                    0x0148                  IC3BUF = 0x148
                    0x0148                  _IC3BUF = 0x148
                    0x014a                  IC3CON = 0x14a
                    0x014a                  _IC3CON = 0x14a
                    0x014a                  _IC3CONbits = 0x14a
                    0x014c                  IC4BUF = 0x14c
                    0x014c                  _IC4BUF = 0x14c
                    0x014e                  IC4CON = 0x14e
                    0x014e                  _IC4CON = 0x14e
                    0x014e                  _IC4CONbits = 0x14e
                    0x0150                  IC5BUF = 0x150
                    0x0150                  _IC5BUF = 0x150
                    0x0152                  IC5CON = 0x152
                    0x0152                  _IC5CON = 0x152
                    0x0152                  _IC5CONbits = 0x152
                    0x0180                  OC1RS = 0x180
                    0x0180                  _OC1RS = 0x180
                    0x0182                  OC1R = 0x182
                    0x0182                  _OC1R = 0x182
                    0x0184                  OC1CON = 0x184
                    0x0184                  _OC1CON = 0x184
                    0x0184                  _OC1CONbits = 0x184
                    0x0186                  OC2RS = 0x186
                    0x0186                  _OC2RS = 0x186
                    0x0188                  OC2R = 0x188
                    0x0188                  _OC2R = 0x188
                    0x018a                  OC2CON = 0x18a
                    0x018a                  _OC2CON = 0x18a
                    0x018a                  _OC2CONbits = 0x18a
                    0x018c                  OC3RS = 0x18c
                    0x018c                  _OC3RS = 0x18c
                    0x018e                  OC3R = 0x18e
                    0x018e                  _OC3R = 0x18e
                    0x0190                  OC3CON = 0x190
                    0x0190                  _OC3CON = 0x190
                    0x0190                  _OC3CONbits = 0x190
                    0x0192                  OC4RS = 0x192
                    0x0192                  _OC4RS = 0x192
                    0x0194                  OC4R = 0x194
                    0x0194                  _OC4R = 0x194
                    0x0196                  OC4CON = 0x196
                    0x0196                  _OC4CON = 0x196
                    0x0196                  _OC4CONbits = 0x196
                    0x0198                  OC5RS = 0x198
                    0x0198                  _OC5RS = 0x198
                    0x019a                  OC5R = 0x19a
                    0x019a                  _OC5R = 0x19a
                    0x019c                  OC5CON = 0x19c
                    0x019c                  _OC5CON = 0x19c
                    0x019c                  _OC5CONbits = 0x19c
                    0x0200                  I2C1RCV = 0x200
                    0x0200                  _I2C1RCV = 0x200
                    0x0202                  I2C1TRN = 0x202
                    0x0202                  _I2C1TRN = 0x202
                    0x0204                  I2C1BRG = 0x204
                    0x0204                  _I2C1BRG = 0x204
                    0x0206                  I2C1CON = 0x206
                    0x0206                  _I2C1CON = 0x206
                    0x0206                  _I2C1CONbits = 0x206
                    0x0208                  I2C1STAT = 0x208
                    0x0208                  _I2C1STAT = 0x208
                    0x0208                  _I2C1STATbits = 0x208
                    0x020a                  I2C1ADD = 0x20a
                    0x020a                  _I2C1ADD = 0x20a
                    0x020c                  I2C1MSK = 0x20c
                    0x020c                  _I2C1MSK = 0x20c
                    0x0210                  I2C2RCV = 0x210
                    0x0210                  _I2C2RCV = 0x210
                    0x0212                  I2C2TRN = 0x212
                    0x0212                  _I2C2TRN = 0x212
                    0x0214                  I2C2BRG = 0x214
                    0x0214                  _I2C2BRG = 0x214
                    0x0216                  I2C2CON = 0x216
                    0x0216                  _I2C2CON = 0x216
                    0x0216                  _I2C2CONbits = 0x216
                    0x0218                  I2C2STAT = 0x218
                    0x0218                  _I2C2STAT = 0x218
                    0x0218                  _I2C2STATbits = 0x218
                    0x021a                  I2C2ADD = 0x21a
                    0x021a                  _I2C2ADD = 0x21a
                    0x021c                  I2C2MSK = 0x21c
                    0x021c                  _I2C2MSK = 0x21c
                    0x0220                  U1MODE = 0x220
                    0x0220                  _U1MODE = 0x220
                    0x0220                  _U1MODEbits = 0x220
                    0x0222                  U1STA = 0x222
                    0x0222                  _U1STA = 0x222
                    0x0222                  _U1STAbits = 0x222
                    0x0224                  U1TXREG = 0x224
                    0x0224                  _U1TXREG = 0x224
                    0x0226                  U1RXREG = 0x226
                    0x0226                  _U1RXREG = 0x226
                    0x0228                  U1BRG = 0x228
                    0x0228                  _U1BRG = 0x228
                    0x0230                  U2MODE = 0x230
                    0x0230                  _U2MODE = 0x230
                    0x0230                  _U2MODEbits = 0x230
                    0x0232                  U2STA = 0x232
                    0x0232                  _U2STA = 0x232
                    0x0232                  _U2STAbits = 0x232
                    0x0234                  U2TXREG = 0x234
                    0x0234                  _U2TXREG = 0x234
                    0x0236                  U2RXREG = 0x236
                    0x0236                  _U2RXREG = 0x236
                    0x0238                  U2BRG = 0x238
                    0x0238                  _U2BRG = 0x238
                    0x0240                  SPI1STAT = 0x240
                    0x0240                  _SPI1STAT = 0x240
                    0x0240                  _SPI1STATbits = 0x240
                    0x0242                  SPI1CON1 = 0x242
                    0x0242                  _SPI1CON1 = 0x242
                    0x0242                  _SPI1CON1bits = 0x242
                    0x0244                  SPI1CON2 = 0x244
                    0x0244                  _SPI1CON2 = 0x244
                    0x0244                  _SPI1CON2bits = 0x244
                    0x0248                  SPI1BUF = 0x248
                    0x0248                  _SPI1BUF = 0x248
                    0x0260                  SPI2STAT = 0x260
                    0x0260                  _SPI2STAT = 0x260
                    0x0260                  _SPI2STATbits = 0x260
                    0x0262                  SPI2CON1 = 0x262
                    0x0262                  _SPI2CON1 = 0x262
                    0x0262                  _SPI2CON1bits = 0x262
                    0x0264                  SPI2CON2 = 0x264
                    0x0264                  _SPI2CON2 = 0x264
                    0x0264                  _SPI2CON2bits = 0x264
                    0x0268                  SPI2BUF = 0x268
                    0x0268                  _SPI2BUF = 0x268
                    0x02c0                  TRISA = 0x2c0
                    0x02c0                  _TRISA = 0x2c0
                    0x02c0                  _TRISAbits = 0x2c0
                    0x02c2                  PORTA = 0x2c2
                    0x02c2                  _PORTA = 0x2c2
                    0x02c2                  _PORTAbits = 0x2c2
                    0x02c4                  LATA = 0x2c4
                    0x02c4                  _LATA = 0x2c4
                    0x02c4                  _LATAbits = 0x2c4
                    0x02c6                  TRISB = 0x2c6
                    0x02c6                  _TRISB = 0x2c6
                    0x02c6                  _TRISBbits = 0x2c6
                    0x02c8                  PORTB = 0x2c8
                    0x02c8                  _PORTB = 0x2c8
                    0x02c8                  _PORTBbits = 0x2c8
                    0x02ca                  LATB = 0x2ca
                    0x02ca                  _LATB = 0x2ca
                    0x02ca                  _LATBbits = 0x2ca
                    0x02cc                  TRISC = 0x2cc
                    0x02cc                  _TRISC = 0x2cc
                    0x02cc                  _TRISCbits = 0x2cc
                    0x02ce                  PORTC = 0x2ce
                    0x02ce                  _PORTC = 0x2ce
                    0x02ce                  _PORTCbits = 0x2ce
                    0x02d0                  LATC = 0x2d0
                    0x02d0                  _LATC = 0x2d0
                    0x02d0                  _LATCbits = 0x2d0
                    0x02d2                  TRISD = 0x2d2
                    0x02d2                  _TRISD = 0x2d2
                    0x02d2                  _TRISDbits = 0x2d2
                    0x02d4                  PORTD = 0x2d4
                    0x02d4                  _PORTD = 0x2d4
                    0x02d4                  _PORTDbits = 0x2d4
                    0x02d6                  LATD = 0x2d6
                    0x02d6                  _LATD = 0x2d6
                    0x02d6                  _LATDbits = 0x2d6
                    0x02d8                  TRISE = 0x2d8
                    0x02d8                  _TRISE = 0x2d8
                    0x02d8                  _TRISEbits = 0x2d8
                    0x02da                  PORTE = 0x2da
                    0x02da                  _PORTE = 0x2da
                    0x02da                  _PORTEbits = 0x2da
                    0x02dc                  LATE = 0x2dc
                    0x02dc                  _LATE = 0x2dc
                    0x02dc                  _LATEbits = 0x2dc
                    0x02de                  TRISF = 0x2de
                    0x02de                  _TRISF = 0x2de
                    0x02de                  _TRISFbits = 0x2de
                    0x02e0                  PORTF = 0x2e0
                    0x02e0                  _PORTF = 0x2e0
                    0x02e0                  _PORTFbits = 0x2e0
                    0x02e2                  LATF = 0x2e2
                    0x02e2                  _LATF = 0x2e2
                    0x02e2                  _LATFbits = 0x2e2
                    0x02e4                  TRISG = 0x2e4
                    0x02e4                  _TRISG = 0x2e4
                    0x02e4                  _TRISGbits = 0x2e4
                    0x02e6                  PORTG = 0x2e6
                    0x02e6                  _PORTG = 0x2e6
                    0x02e6                  _PORTGbits = 0x2e6
                    0x02e8                  LATG = 0x2e8
                    0x02e8                  _LATG = 0x2e8
                    0x02e8                  _LATGbits = 0x2e8
                    0x02fc                  PADCFG1 = 0x2fc
                    0x02fc                  _PADCFG1 = 0x2fc
                    0x02fc                  _PADCFG1bits = 0x2fc
                    0x0300                  ADC1BUF0 = 0x300
                    0x0300                  _ADC1BUF0 = 0x300
                    0x0302                  ADC1BUF1 = 0x302
                    0x0302                  _ADC1BUF1 = 0x302
                    0x0304                  ADC1BUF2 = 0x304
                    0x0304                  _ADC1BUF2 = 0x304
                    0x0306                  ADC1BUF3 = 0x306
                    0x0306                  _ADC1BUF3 = 0x306
                    0x0308                  ADC1BUF4 = 0x308
                    0x0308                  _ADC1BUF4 = 0x308
                    0x030a                  ADC1BUF5 = 0x30a
                    0x030a                  _ADC1BUF5 = 0x30a
                    0x030c                  ADC1BUF6 = 0x30c
                    0x030c                  _ADC1BUF6 = 0x30c
                    0x030e                  ADC1BUF7 = 0x30e
                    0x030e                  _ADC1BUF7 = 0x30e
                    0x0310                  ADC1BUF8 = 0x310
                    0x0310                  _ADC1BUF8 = 0x310
                    0x0312                  ADC1BUF9 = 0x312
                    0x0312                  _ADC1BUF9 = 0x312
                    0x0314                  ADC1BUFA = 0x314
                    0x0314                  _ADC1BUFA = 0x314
                    0x0316                  ADC1BUFB = 0x316
                    0x0316                  _ADC1BUFB = 0x316
                    0x0318                  ADC1BUFC = 0x318
                    0x0318                  _ADC1BUFC = 0x318
                    0x031a                  ADC1BUFD = 0x31a
                    0x031a                  _ADC1BUFD = 0x31a
                    0x031c                  ADC1BUFE = 0x31c
                    0x031c                  _ADC1BUFE = 0x31c
                    0x031e                  ADC1BUFF = 0x31e
                    0x031e                  _ADC1BUFF = 0x31e
                    0x0320                  AD1CON1 = 0x320
                    0x0320                  _AD1CON1 = 0x320
                    0x0320                  _AD1CON1bits = 0x320
                    0x0322                  AD1CON2 = 0x322
                    0x0322                  _AD1CON2 = 0x322
                    0x0322                  _AD1CON2bits = 0x322
                    0x0324                  AD1CON3 = 0x324
                    0x0324                  _AD1CON3 = 0x324
                    0x0324                  _AD1CON3bits = 0x324
                    0x0328                  AD1CHS = 0x328
                    0x0328                  _AD1CHS = 0x328
                    0x0328                  _AD1CHSbits = 0x328
                    0x032c                  AD1PCFG = 0x32c
                    0x032c                  _AD1PCFG = 0x32c
                    0x032c                  _AD1PCFGbits = 0x32c
                    0x0330                  AD1CSSL = 0x330
                    0x0330                  _AD1CSSL = 0x330
                    0x0330                  _AD1CSSLbits = 0x330
                    0x0600                  PMCON = 0x600
                    0x0600                  _PMCON = 0x600
                    0x0600                  _PMCONbits = 0x600
                    0x0602                  PMMODE = 0x602
                    0x0602                  _PMMODE = 0x602
                    0x0602                  _PMMODEbits = 0x602
                    0x0604                  PMADDR = 0x604
                    0x0604                  _PMADDR = 0x604
                    0x0604                  _PMADDRbits = 0x604
                    0x0604                  PMDOUT1 = 0x604
                    0x0604                  _PMDOUT1 = 0x604
                    0x0606                  PMDOUT2 = 0x606
                    0x0606                  _PMDOUT2 = 0x606
                    0x0608                  PMDIN1 = 0x608
                    0x0608                  _PMDIN1 = 0x608
                    0x060a                  PMDIN2 = 0x60a
                    0x060a                  _PMDIN2 = 0x60a
                    0x060c                  PMAEN = 0x60c
                    0x060c                  _PMAEN = 0x60c
                    0x060c                  _PMAENbits = 0x60c
                    0x060e                  PMSTAT = 0x60e
                    0x060e                  _PMSTAT = 0x60e
                    0x060e                  _PMSTATbits = 0x60e
                    0x0620                  ALRMVAL = 0x620
                    0x0620                  _ALRMVAL = 0x620
                    0x0622                  ALCFGRPT = 0x622
                    0x0622                  _ALCFGRPT = 0x622
                    0x0622                  _ALCFGRPTbits = 0x622
                    0x0624                  RTCVAL = 0x624
                    0x0624                  _RTCVAL = 0x624
                    0x0626                  RCFGCAL = 0x626
                    0x0626                  _RCFGCAL = 0x626
                    0x0626                  _RCFGCALbits = 0x626
                    0x0630                  CMCON = 0x630
                    0x0630                  _CMCON = 0x630
                    0x0630                  _CMCONbits = 0x630
                    0x0632                  CVRCON = 0x632
                    0x0632                  _CVRCON = 0x632
                    0x0632                  _CVRCONbits = 0x632
                    0x0640                  CRCCON = 0x640
                    0x0640                  _CRCCON = 0x640
                    0x0640                  _CRCCONbits = 0x640
                    0x0642                  CRCXOR = 0x642
                    0x0642                  _CRCXOR = 0x642
                    0x0642                  _CRCXORbits = 0x642
                    0x0644                  CRCDAT = 0x644
                    0x0644                  _CRCDAT = 0x644
                    0x0646                  CRCWDAT = 0x646
                    0x0646                  _CRCWDAT = 0x646
                    0x06c0                  ODCA = 0x6c0
                    0x06c0                  _ODCA = 0x6c0
                    0x06c0                  _ODCAbits = 0x6c0
                    0x06c6                  ODCB = 0x6c6
                    0x06c6                  _ODCB = 0x6c6
                    0x06c6                  _ODCBbits = 0x6c6
                    0x06cc                  ODCC = 0x6cc
                    0x06cc                  _ODCC = 0x6cc
                    0x06cc                  _ODCCbits = 0x6cc
                    0x06d2                  ODCD = 0x6d2
                    0x06d2                  _ODCD = 0x6d2
                    0x06d2                  _ODCDbits = 0x6d2
                    0x06d8                  ODCE = 0x6d8
                    0x06d8                  _ODCE = 0x6d8
                    0x06d8                  _ODCEbits = 0x6d8
                    0x06de                  ODCF = 0x6de
                    0x06de                  _ODCF = 0x6de
                    0x06de                  _ODCFbits = 0x6de
                    0x06e4                  ODCG = 0x6e4
                    0x06e4                  _ODCG = 0x6e4
                    0x06e4                  _ODCGbits = 0x6e4
                    0x0740                  RCON = 0x740
                    0x0740                  _RCON = 0x740
                    0x0740                  _RCONbits = 0x740
                    0x0742                  OSCCON = 0x742
                    0x0742                  _OSCCON = 0x742
                    0x0742                  _OSCCONbits = 0x742
                    0x0742                  OSCCONL = 0x742
                    0x0742                  _OSCCONL = 0x742
                    0x0743                  OSCCONH = 0x743
                    0x0743                  _OSCCONH = 0x743
                    0x0744                  CLKDIV = 0x744
                    0x0744                  _CLKDIV = 0x744
                    0x0744                  _CLKDIVbits = 0x744
                    0x0748                  OSCTUN = 0x748
                    0x0748                  _OSCTUN = 0x748
                    0x0748                  _OSCTUNbits = 0x748
                    0x0760                  NVMCON = 0x760
                    0x0760                  _NVMCON = 0x760
                    0x0760                  _NVMCONbits = 0x760
                    0x0766                  NVMKEY = 0x766
                    0x0766                  _NVMKEY = 0x766
                    0x0770                  PMD1 = 0x770
                    0x0770                  _PMD1 = 0x770
                    0x0770                  _PMD1bits = 0x770
                    0x0772                  PMD2 = 0x772
                    0x0772                  _PMD2 = 0x772
                    0x0772                  _PMD2bits = 0x772
                    0x0774                  PMD3 = 0x774
                    0x0774                  _PMD3 = 0x774
                    0x0774                  _PMD3bits = 0x774
                    0x0140                  IC1 = 0x140
                    0x0140                  _IC1 = 0x140
                    0x0144                  IC2 = 0x144
                    0x0144                  _IC2 = 0x144
                    0x0148                  IC3 = 0x148
                    0x0148                  _IC3 = 0x148
                    0x014c                  IC4 = 0x14c
                    0x014c                  _IC4 = 0x14c
                    0x0150                  IC5 = 0x150
                    0x0150                  _IC5 = 0x150
                    0x0180                  OC1 = 0x180
                    0x0180                  _OC1 = 0x180
                    0x0186                  OC2 = 0x186
                    0x0186                  _OC2 = 0x186
                    0x018c                  OC3 = 0x18c
                    0x018c                  _OC3 = 0x18c
                    0x0192                  OC4 = 0x192
                    0x0192                  _OC4 = 0x192
                    0x0198                  OC5 = 0x198
                    0x0198                  _OC5 = 0x198
                    0x0240                  SPI1 = 0x240
                    0x0240                  _SPI1 = 0x240
                    0x0260                  SPI2 = 0x260
                    0x0260                  _SPI2 = 0x260
                    0x0220                  UART1 = 0x220
                    0x0220                  _UART1 = 0x220
                    0x0230                  UART2 = 0x230
                    0x0230                  _UART2 = 0x230
START GROUP
LOAD c:/program files/microchip/xc16/v2.10/bin/bin/../../lib\libc99-pic30-elf.a
LOAD c:/program files/microchip/xc16/v2.10/bin/bin/../../lib\libm-elf.a
LOAD c:/program files/microchip/xc16/v2.10/bin/bin/../../lib\libc99-elf.a
END GROUP
OUTPUT(dist/default/production/166294-4.X.production.elf elf32-pic30)
LOAD jump_table
LOAD default_isr
LOAD data_init

.debug_pubtypes
                  0x000398         0x1f
 .debug_pubtypes
                  0x000398         0x1f build/default/production/mainn.o

__c30_signature
                  0x0003b7        0x16e
 __c30_signature
                  0x0003b7          0x6 build/default/production/mainn.o
 __c30_signature
                  0x0003bd          0x6 c:/program files/microchip/xc16/v2.10/bin/bin/../../lib\libc99-pic30-elf.a(crt0_standard.o)
 __c30_signature
                  0x0003c3          0x6 c:/program files/microchip/xc16/v2.10/bin/bin/../../lib\libc99-pic30-elf.a(data_init_standard.o)
 __c30_signature
                  0x0003c9          0x6 c:/program files/microchip/xc16/v2.10/bin/bin/../../lib\libc99-pic30-elf.a(delay32.Meo)
 __c30_signature
                  0x0003cf          0x6 c:/program files/microchip/xc16/v2.10/bin/bin/../../lib\libc99-pic30-elf.a(fixsfsi.XX_o)
 __c30_signature
                  0x0003d5          0x6 c:/program files/microchip/xc16/v2.10/bin/bin/../../lib\libc99-pic30-elf.a(floatsisf.XX_o)
 __c30_signature
                  0x0003db          0x6 c:/program files/microchip/xc16/v2.10/bin/bin/../../lib\libc99-pic30-elf.a(funpack.XX_o)
 __c30_signature
                  0x0003e1          0x6 c:/program files/microchip/xc16/v2.10/bin/bin/../../lib\libc99-pic30-elf.a(errno.XX_o)
 __c30_signature
                  0x0003e7          0x6 c:/program files/microchip/xc16/v2.10/bin/bin/../../lib\libc99-pic30-elf.a(floatdisf.XX_o)
 __c30_signature
                  0x0003ed          0x6 c:/program files/microchip/xc16/v2.10/bin/bin/../../lib\libc99-pic30-elf.a(floatundisf.XX_o)
 __c30_signature
                  0x0003f3          0x6 c:/program files/microchip/xc16/v2.10/bin/bin/../../lib\libc99-pic30-elf.a(fpack.XX_o)
 __c30_signature
                  0x0003f9          0x6 c:/program files/microchip/xc16/v2.10/bin/bin/../../lib\libc99-elf.a(printf.XX_o)
 __c30_signature
                  0x0003ff          0x6 c:/program files/microchip/xc16/v2.10/bin/bin/../../lib\libc99-elf.a(stdout.XX_o)
 __c30_signature
                  0x000405          0x6 c:/program files/microchip/xc16/v2.10/bin/bin/../../lib\libc99-elf.a(strlen.XX_o)
 __c30_signature
                  0x00040b          0x6 c:/program files/microchip/xc16/v2.10/bin/bin/../../lib\libc99-elf.a(vfprintf.XX_o)
 __c30_signature
                  0x000411          0x6 c:/program files/microchip/xc16/v2.10/bin/bin/../../lib\libc99-elf.a(__io_fmt_needed.XX_o)
 __c30_signature
                  0x000417          0x6 c:/program files/microchip/xc16/v2.10/bin/bin/../../lib\libc99-elf.a(__io_init_needed.XX_o)
 __c30_signature
                  0x00041d          0x6 c:/program files/microchip/xc16/v2.10/bin/bin/../../lib\libc99-elf.a(__out.XX_o)
 __c30_signature
                  0x000423          0x6 c:/program files/microchip/xc16/v2.10/bin/bin/../../lib\libc99-elf.a(__pop_float.XX_o)
 __c30_signature
                  0x000429          0x6 c:/program files/microchip/xc16/v2.10/bin/bin/../../lib\libc99-elf.a(__pop_int.XX_o)
 __c30_signature
                  0x00042f          0x6 c:/program files/microchip/xc16/v2.10/bin/bin/../../lib\libc99-elf.a(__pop_ptr.XX_o)
 __c30_signature
                  0x000435          0x6 c:/program files/microchip/xc16/v2.10/bin/bin/../../lib\libc99-elf.a(__printf_core.XX_o)
 __c30_signature
                  0x00043b          0x6 c:/program files/microchip/xc16/v2.10/bin/bin/../../lib\libc99-elf.a(__stdio_close.XX_o)
 __c30_signature
                  0x000441          0x6 c:/program files/microchip/xc16/v2.10/bin/bin/../../lib\libc99-elf.a(atoi.XX_o)
 __c30_signature
                  0x000447          0x6 c:/program files/microchip/xc16/v2.10/bin/bin/../../lib\libc99-elf.a(lseek.XX_o)
 __c30_signature
                  0x00044d          0x6 c:/program files/microchip/xc16/v2.10/bin/bin/../../lib\libc99-elf.a(memcpy.XX_o)
 __c30_signature
                  0x000453          0x6 c:/program files/microchip/xc16/v2.10/bin/bin/../../lib\libc99-elf.a(memset.XX_o)
 __c30_signature
                  0x000459          0x6 c:/program files/microchip/xc16/v2.10/bin/bin/../../lib\libc99-elf.a(syscall_ret.XX_o)
 __c30_signature
                  0x00045f          0x6 c:/program files/microchip/xc16/v2.10/bin/bin/../../lib\libc99-elf.a(tolower.XX_o)
 __c30_signature
                  0x000465          0x6 c:/program files/microchip/xc16/v2.10/bin/bin/../../lib\libc99-elf.a(__errno_location.XX_o)
 __c30_signature
                  0x00046b          0x6 c:/program files/microchip/xc16/v2.10/bin/bin/../../lib\libc99-elf.a(__fmt_a.XX_o)
 __c30_signature
                  0x000471          0x6 c:/program files/microchip/xc16/v2.10/bin/bin/../../lib\libc99-elf.a(__fmt_d.XX_o)
 __c30_signature
                  0x000477          0x6 c:/program files/microchip/xc16/v2.10/bin/bin/../../lib\libc99-elf.a(__fmt_fp.XX_o)
 __c30_signature
                  0x00047d          0x6 c:/program files/microchip/xc16/v2.10/bin/bin/../../lib\libc99-elf.a(__fmt_o.XX_o)
 __c30_signature
                  0x000483          0x6 c:/program files/microchip/xc16/v2.10/bin/bin/../../lib\libc99-elf.a(__fmt_s.XX_o)
 __c30_signature
                  0x000489          0x6 c:/program files/microchip/xc16/v2.10/bin/bin/../../lib\libc99-elf.a(__fmt_u.XX_o)
 __c30_signature
                  0x00048f          0x6 c:/program files/microchip/xc16/v2.10/bin/bin/../../lib\libc99-elf.a(__fmt_x.XX_o)
 __c30_signature
                  0x000495          0x6 c:/program files/microchip/xc16/v2.10/bin/bin/../../lib\libc99-elf.a(__init_stdio.XX_o)
 __c30_signature
                  0x00049b          0x6 c:/program files/microchip/xc16/v2.10/bin/bin/../../lib\libc99-elf.a(__io_file_needed.XX_o)
 __c30_signature
                  0x0004a1          0x6 c:/program files/microchip/xc16/v2.10/bin/bin/../../lib\libc99-elf.a(strcpy.XX_o)
 __c30_signature
                  0x0004a7          0x6 c:/program files/microchip/xc16/v2.10/bin/bin/../../lib\libc99-elf.a(toupper.XX_o)
 __c30_signature
                  0x0004ad          0x6 c:/program files/microchip/xc16/v2.10/bin/bin/../../lib\libc99-elf.a(stpcpy.XX_o)
 __c30_signature
                  0x0004b3          0x6 c:/program files/microchip/xc16/v2.10/bin/bin/../../lib\libc99-pic30-elf.a(close.Meo)
 __c30_signature
                  0x0004b9          0x6 c:/program files/microchip/xc16/v2.10/bin/bin/../../lib\libc99-pic30-elf.a(write.Meo)
 __c30_signature
                  0x0004bf          0x6 c:/program files/microchip/xc16/v2.10/bin/bin/../../lib\libc99-pic30-elf.a(c30_uart.Meo)
 __c30_signature
                  0x0004c5          0x6 c:/program files/microchip/xc16/v2.10/bin/bin/../../lib\libc99-pic30-elf.a(deqltle.XX_o)
 __c30_signature
                  0x0004cb          0x6 c:/program files/microchip/xc16/v2.10/bin/bin/../../lib\libc99-pic30-elf.a(dgtge.XX_o)
 __c30_signature
                  0x0004d1          0x6 c:/program files/microchip/xc16/v2.10/bin/bin/../../lib\libc99-pic30-elf.a(extendsfdf.XX_o)
 __c30_signature
                  0x0004d7          0x6 c:/program files/microchip/xc16/v2.10/bin/bin/../../lib\libc99-pic30-elf.a(fixdfsi.XX_o)
 __c30_signature
                  0x0004dd          0x6 c:/program files/microchip/xc16/v2.10/bin/bin/../../lib\libc99-pic30-elf.a(mulsi3.XX_o)
 __c30_signature
                  0x0004e3          0x6 c:/program files/microchip/xc16/v2.10/bin/bin/../../lib\libc99-pic30-elf.a(dpadd.XX_o)
 __c30_signature
                  0x0004e9          0x6 c:/program files/microchip/xc16/v2.10/bin/bin/../../lib\libc99-pic30-elf.a(dpdiv.XX_o)
 __c30_signature
                  0x0004ef          0x6 c:/program files/microchip/xc16/v2.10/bin/bin/../../lib\libc99-pic30-elf.a(dpmul.XX_o)
 __c30_signature
                  0x0004f5          0x6 c:/program files/microchip/xc16/v2.10/bin/bin/../../lib\libc99-pic30-elf.a(dpsubs.XX_o)
 __c30_signature
                  0x0004fb          0x6 c:/program files/microchip/xc16/v2.10/bin/bin/../../lib\libc99-pic30-elf.a(divmoddi3.XX_o)
 __c30_signature
                  0x000501          0x6 c:/program files/microchip/xc16/v2.10/bin/bin/../../lib\libc99-pic30-elf.a(dcompare.XX_o)
 __c30_signature
                  0x000507          0x6 c:/program files/microchip/xc16/v2.10/bin/bin/../../lib\libc99-pic30-elf.a(dtype.XX_o)
 __c30_signature
                  0x00050d          0x6 c:/program files/microchip/xc16/v2.10/bin/bin/../../lib\libc99-pic30-elf.a(dunpack.XX_o)
 __c30_signature
                  0x000513          0x6 c:/program files/microchip/xc16/v2.10/bin/bin/../../lib\libc99-pic30-elf.a(dunpack2.XX_o)
 __c30_signature
                  0x000519          0x6 c:/program files/microchip/xc16/v2.10/bin/bin/../../lib\libc99-pic30-elf.a(dpropagateNaN.XX_o)
 __c30_signature
                  0x00051f          0x6 c:/program files/microchip/xc16/v2.10/bin/bin/../../lib\libm-elf.a(floorl.XX_o)

__xc_reference_data

.ndata              0x0800          0x2
 .ndata             0x0800          0x2 build/default/production/mainn.o
                    0x0800                  _seconds

.nbss               0x0802          0x2
 .nbss              0x0802          0x2 c:/program files/microchip/xc16/v2.10/bin/bin/../../lib\libc99-pic30-elf.a(errno.XX_o)
                    0x0802                  _errno

.data               0x0804         0x80
 .data              0x0804         0x42 c:/program files/microchip/xc16/v2.10/bin/bin/../../lib\libc99-elf.a(stdout.XX_o)
                    0x0804                  __stdout
                    0x0806                  ___stdout_used
 .data              0x0846         0x1e c:/program files/microchip/xc16/v2.10/bin/bin/../../lib\libc99-elf.a(__printf_core.XX_o)
 .data              0x0864         0x10 c:/program files/microchip/xc16/v2.10/bin/bin/../../lib\libc99-elf.a(__fmt_a.XX_o)
 .data              0x0874         0x10 c:/program files/microchip/xc16/v2.10/bin/bin/../../lib\libc99-elf.a(__fmt_fp.XX_o)

.bss                0x0884          0x2
 .bss               0x0884          0x2 c:/program files/microchip/xc16/v2.10/bin/bin/../../lib\libc99-elf.a(__errno_location.XX_o)
                    0x0884                  ___errno_val

.data               0x0886          0x2
 .data              0x0886          0x2 c:/program files/microchip/xc16/v2.10/bin/bin/../../lib\libc99-pic30-elf.a(c30_uart.Meo)
                    0x0886                  ___C30_UART

.const              0xa974         0x28 load address 0x002974  
 .const             0xa974         0x28 build/default/production/mainn.o

.text             0x00299c        0x108
 .text            0x00299c        0x108 build/default/production/mainn.o
                  0x00299c                  _main

.dinit            0x002aa4         0x8e
 .dinit           0x002aa4         0x8e data_init

.init.delay32     0x002b32         0x1c
 .init.delay32    0x002b32         0x1c c:/program files/microchip/xc16/v2.10/bin/bin/../../lib\libc99-pic30-elf.a(delay32.Meo)
                  0x002b32                  ___delay32
